Resolving extension log path to "{REPO:VSCODE-MAKEFILE-TOOLS}/src/test/fakeSuite/Repros/MakefileTools.out"
Found build log path setting "./dummy_dryrun.log"
Resolving build log path to  "{REPO:VSCODE-MAKEFILE-TOOLS}/src/test/fakeSuite/Repros/dummy_dryrun.log"
No current configuration is defined in the settings file
No target defined in the settings file
Parsing the provided build log "{REPO:VSCODE-MAKEFILE-TOOLS}/src/test/fakeSuite/Repros/dummy_dryrun.log" for IntelliSense integration with CppTools...
Updating the CppTools IntelliSense Configuration Provider.
Parsing dry-run output for CppTools Custom Configuration Provider.
Sending Workspace Browse Configuration: -----------------------------------
    Browse Path: 
    Standard: undefined
    Compiler Path: undefined
----------------------------------------------------------------------------
Found the following configurations defined in makefile.makefile_configurations setting: InterestingSmallMakefile_windows_configDebug;InterestingSmallMakefile_windows_configRelSize;InterestingSmallMakefile_windows_configRelSpeed;8cc_linux;Fido_linux;tinyvm_linux_pedantic
Setting configuration - 8cc_linux
Found build log path setting "./8cc_linux_dryrun.log" defined for configuration "8cc_linux
Resolving build log path to "{REPO:VSCODE-MAKEFILE-TOOLS}/src/test/fakeSuite/Repros/8cc_linux_dryrun.log"
Parsing the provided build log "{REPO:VSCODE-MAKEFILE-TOOLS}/src/test/fakeSuite/Repros/8cc_linux_dryrun.log" for IntelliSense integration with CppTools...
Updating the CppTools IntelliSense Configuration Provider.
Parsing dry-run output for CppTools Custom Configuration Provider.
Sending Workspace Browse Configuration: -----------------------------------
    Browse Path: {REPO:VSCODE-MAKEFILE-TOOLS}/src/test/fakeSuite/Repros
    Standard: undefined
    Compiler Path: /usr/bin/cc
----------------------------------------------------------------------------
Sending configuration for file {REPO:VSCODE-MAKEFILE-TOOLS}/src/test/fakeSuite/Repros/main.c -----------------------------------
    Defines: BUILD_DIR=
    Includes: {REPO:VSCODE-MAKEFILE-TOOLS}/src/test/fakeSuite/Repros
    Force Includes: 
    Standard: gnu11
    IntelliSense Mode: gcc-x64
    Compiler Path: /usr/bin/cc
---------------------------------------------------------------------------------------------------
Sending configuration for file {REPO:VSCODE-MAKEFILE-TOOLS}/src/test/fakeSuite/Repros/cpp.c -----------------------------------
    Defines: BUILD_DIR=
    Includes: {REPO:VSCODE-MAKEFILE-TOOLS}/src/test/fakeSuite/Repros
    Force Includes: 
    Standard: gnu11
    IntelliSense Mode: gcc-x64
    Compiler Path: /usr/bin/cc
---------------------------------------------------------------------------------------------------
Sending configuration for file {REPO:VSCODE-MAKEFILE-TOOLS}/src/test/fakeSuite/Repros/debug.c -----------------------------------
    Defines: BUILD_DIR=
    Includes: {REPO:VSCODE-MAKEFILE-TOOLS}/src/test/fakeSuite/Repros
    Force Includes: 
    Standard: gnu11
    IntelliSense Mode: gcc-x64
    Compiler Path: /usr/bin/cc
---------------------------------------------------------------------------------------------------
Sending configuration for file {REPO:VSCODE-MAKEFILE-TOOLS}/src/test/fakeSuite/Repros/dict.c -----------------------------------
    Defines: BUILD_DIR=
    Includes: {REPO:VSCODE-MAKEFILE-TOOLS}/src/test/fakeSuite/Repros
    Force Includes: 
    Standard: gnu11
    IntelliSense Mode: gcc-x64
    Compiler Path: /usr/bin/cc
---------------------------------------------------------------------------------------------------
Sending configuration for file {REPO:VSCODE-MAKEFILE-TOOLS}/src/test/fakeSuite/Repros/gen.c -----------------------------------
    Defines: BUILD_DIR=
    Includes: {REPO:VSCODE-MAKEFILE-TOOLS}/src/test/fakeSuite/Repros
    Force Includes: 
    Standard: gnu11
    IntelliSense Mode: gcc-x64
    Compiler Path: /usr/bin/cc
---------------------------------------------------------------------------------------------------
Sending configuration for file {REPO:VSCODE-MAKEFILE-TOOLS}/src/test/fakeSuite/Repros/lex.c -----------------------------------
    Defines: BUILD_DIR=
    Includes: {REPO:VSCODE-MAKEFILE-TOOLS}/src/test/fakeSuite/Repros
    Force Includes: 
    Standard: gnu11
    IntelliSense Mode: gcc-x64
    Compiler Path: /usr/bin/cc
---------------------------------------------------------------------------------------------------
Sending configuration for file {REPO:VSCODE-MAKEFILE-TOOLS}/src/test/fakeSuite/Repros/vector.c -----------------------------------
    Defines: BUILD_DIR=
    Includes: {REPO:VSCODE-MAKEFILE-TOOLS}/src/test/fakeSuite/Repros
    Force Includes: 
    Standard: gnu11
    IntelliSense Mode: gcc-x64
    Compiler Path: /usr/bin/cc
---------------------------------------------------------------------------------------------------
Sending configuration for file {REPO:VSCODE-MAKEFILE-TOOLS}/src/test/fakeSuite/Repros/parse.c -----------------------------------
    Defines: BUILD_DIR=
    Includes: {REPO:VSCODE-MAKEFILE-TOOLS}/src/test/fakeSuite/Repros
    Force Includes: 
    Standard: gnu11
    IntelliSense Mode: gcc-x64
    Compiler Path: /usr/bin/cc
---------------------------------------------------------------------------------------------------
Sending configuration for file {REPO:VSCODE-MAKEFILE-TOOLS}/src/test/fakeSuite/Repros/buffer.c -----------------------------------
    Defines: BUILD_DIR=
    Includes: {REPO:VSCODE-MAKEFILE-TOOLS}/src/test/fakeSuite/Repros
    Force Includes: 
    Standard: gnu11
    IntelliSense Mode: gcc-x64
    Compiler Path: /usr/bin/cc
---------------------------------------------------------------------------------------------------
Sending configuration for file {REPO:VSCODE-MAKEFILE-TOOLS}/src/test/fakeSuite/Repros/map.c -----------------------------------
    Defines: BUILD_DIR=
    Includes: {REPO:VSCODE-MAKEFILE-TOOLS}/src/test/fakeSuite/Repros
    Force Includes: 
    Standard: gnu11
    IntelliSense Mode: gcc-x64
    Compiler Path: /usr/bin/cc
---------------------------------------------------------------------------------------------------
Sending configuration for file {REPO:VSCODE-MAKEFILE-TOOLS}/src/test/fakeSuite/Repros/error.c -----------------------------------
    Defines: BUILD_DIR=
    Includes: {REPO:VSCODE-MAKEFILE-TOOLS}/src/test/fakeSuite/Repros
    Force Includes: 
    Standard: gnu11
    IntelliSense Mode: gcc-x64
    Compiler Path: /usr/bin/cc
---------------------------------------------------------------------------------------------------
Sending configuration for file {REPO:VSCODE-MAKEFILE-TOOLS}/src/test/fakeSuite/Repros/path.c -----------------------------------
    Defines: BUILD_DIR=
    Includes: {REPO:VSCODE-MAKEFILE-TOOLS}/src/test/fakeSuite/Repros
    Force Includes: 
    Standard: gnu11
    IntelliSense Mode: gcc-x64
    Compiler Path: /usr/bin/cc
---------------------------------------------------------------------------------------------------
Sending configuration for file {REPO:VSCODE-MAKEFILE-TOOLS}/src/test/fakeSuite/Repros/file.c -----------------------------------
    Defines: BUILD_DIR=
    Includes: {REPO:VSCODE-MAKEFILE-TOOLS}/src/test/fakeSuite/Repros
    Force Includes: 
    Standard: gnu11
    IntelliSense Mode: gcc-x64
    Compiler Path: /usr/bin/cc
---------------------------------------------------------------------------------------------------
Sending configuration for file {REPO:VSCODE-MAKEFILE-TOOLS}/src/test/fakeSuite/Repros/set.c -----------------------------------
    Defines: BUILD_DIR=
    Includes: {REPO:VSCODE-MAKEFILE-TOOLS}/src/test/fakeSuite/Repros
    Force Includes: 
    Standard: gnu11
    IntelliSense Mode: gcc-x64
    Compiler Path: /usr/bin/cc
---------------------------------------------------------------------------------------------------
Sending configuration for file {REPO:VSCODE-MAKEFILE-TOOLS}/src/test/fakeSuite/Repros/encoding.c -----------------------------------
    Defines: BUILD_DIR=
    Includes: {REPO:VSCODE-MAKEFILE-TOOLS}/src/test/fakeSuite/Repros
    Force Includes: 
    Standard: gnu11
    IntelliSense Mode: gcc-x64
    Compiler Path: /usr/bin/cc
---------------------------------------------------------------------------------------------------
Parsing the provided build log "{REPO:VSCODE-MAKEFILE-TOOLS}/src/test/fakeSuite/Repros/8cc_linux_dryrun.log" for targets...
Found the following build targets: path.o;cleanobj;parse.o;8cc;cpp.o;debug.o;test;gen.o;testtest;error.o;stage3;all;map.o;self;dict.o;file.o;runtests;encoding.o;set.o;vector.o;stage1;clean;lex.o;buffer.o;stage2;main.o;utiltest.o;utiltest;fulltest
Setting target all
Parsing the provided build log "{REPO:VSCODE-MAKEFILE-TOOLS}/src/test/fakeSuite/Repros/8cc_linux_dryrun.log" for IntelliSense integration with CppTools...
Updating the CppTools IntelliSense Configuration Provider.
Parsing dry-run output for CppTools Custom Configuration Provider.
Sending Workspace Browse Configuration: -----------------------------------
    Browse Path: {REPO:VSCODE-MAKEFILE-TOOLS}/src/test/fakeSuite/Repros
    Standard: undefined
    Compiler Path: /usr/bin/cc
----------------------------------------------------------------------------
Sending configuration for file {REPO:VSCODE-MAKEFILE-TOOLS}/src/test/fakeSuite/Repros/main.c -----------------------------------
    Defines: BUILD_DIR=
    Includes: {REPO:VSCODE-MAKEFILE-TOOLS}/src/test/fakeSuite/Repros
    Force Includes: 
    Standard: gnu11
    IntelliSense Mode: gcc-x64
    Compiler Path: /usr/bin/cc
---------------------------------------------------------------------------------------------------
Sending configuration for file {REPO:VSCODE-MAKEFILE-TOOLS}/src/test/fakeSuite/Repros/cpp.c -----------------------------------
    Defines: BUILD_DIR=
    Includes: {REPO:VSCODE-MAKEFILE-TOOLS}/src/test/fakeSuite/Repros
    Force Includes: 
    Standard: gnu11
    IntelliSense Mode: gcc-x64
    Compiler Path: /usr/bin/cc
---------------------------------------------------------------------------------------------------
Sending configuration for file {REPO:VSCODE-MAKEFILE-TOOLS}/src/test/fakeSuite/Repros/debug.c -----------------------------------
    Defines: BUILD_DIR=
    Includes: {REPO:VSCODE-MAKEFILE-TOOLS}/src/test/fakeSuite/Repros
    Force Includes: 
    Standard: gnu11
    IntelliSense Mode: gcc-x64
    Compiler Path: /usr/bin/cc
---------------------------------------------------------------------------------------------------
Sending configuration for file {REPO:VSCODE-MAKEFILE-TOOLS}/src/test/fakeSuite/Repros/dict.c -----------------------------------
    Defines: BUILD_DIR=
    Includes: {REPO:VSCODE-MAKEFILE-TOOLS}/src/test/fakeSuite/Repros
    Force Includes: 
    Standard: gnu11
    IntelliSense Mode: gcc-x64
    Compiler Path: /usr/bin/cc
---------------------------------------------------------------------------------------------------
Sending configuration for file {REPO:VSCODE-MAKEFILE-TOOLS}/src/test/fakeSuite/Repros/gen.c -----------------------------------
    Defines: BUILD_DIR=
    Includes: {REPO:VSCODE-MAKEFILE-TOOLS}/src/test/fakeSuite/Repros
    Force Includes: 
    Standard: gnu11
    IntelliSense Mode: gcc-x64
    Compiler Path: /usr/bin/cc
---------------------------------------------------------------------------------------------------
Sending configuration for file {REPO:VSCODE-MAKEFILE-TOOLS}/src/test/fakeSuite/Repros/lex.c -----------------------------------
    Defines: BUILD_DIR=
    Includes: {REPO:VSCODE-MAKEFILE-TOOLS}/src/test/fakeSuite/Repros
    Force Includes: 
    Standard: gnu11
    IntelliSense Mode: gcc-x64
    Compiler Path: /usr/bin/cc
---------------------------------------------------------------------------------------------------
Sending configuration for file {REPO:VSCODE-MAKEFILE-TOOLS}/src/test/fakeSuite/Repros/vector.c -----------------------------------
    Defines: BUILD_DIR=
    Includes: {REPO:VSCODE-MAKEFILE-TOOLS}/src/test/fakeSuite/Repros
    Force Includes: 
    Standard: gnu11
    IntelliSense Mode: gcc-x64
    Compiler Path: /usr/bin/cc
---------------------------------------------------------------------------------------------------
Sending configuration for file {REPO:VSCODE-MAKEFILE-TOOLS}/src/test/fakeSuite/Repros/parse.c -----------------------------------
    Defines: BUILD_DIR=
    Includes: {REPO:VSCODE-MAKEFILE-TOOLS}/src/test/fakeSuite/Repros
    Force Includes: 
    Standard: gnu11
    IntelliSense Mode: gcc-x64
    Compiler Path: /usr/bin/cc
---------------------------------------------------------------------------------------------------
Sending configuration for file {REPO:VSCODE-MAKEFILE-TOOLS}/src/test/fakeSuite/Repros/buffer.c -----------------------------------
    Defines: BUILD_DIR=
    Includes: {REPO:VSCODE-MAKEFILE-TOOLS}/src/test/fakeSuite/Repros
    Force Includes: 
    Standard: gnu11
    IntelliSense Mode: gcc-x64
    Compiler Path: /usr/bin/cc
---------------------------------------------------------------------------------------------------
Sending configuration for file {REPO:VSCODE-MAKEFILE-TOOLS}/src/test/fakeSuite/Repros/map.c -----------------------------------
    Defines: BUILD_DIR=
    Includes: {REPO:VSCODE-MAKEFILE-TOOLS}/src/test/fakeSuite/Repros
    Force Includes: 
    Standard: gnu11
    IntelliSense Mode: gcc-x64
    Compiler Path: /usr/bin/cc
---------------------------------------------------------------------------------------------------
Sending configuration for file {REPO:VSCODE-MAKEFILE-TOOLS}/src/test/fakeSuite/Repros/error.c -----------------------------------
    Defines: BUILD_DIR=
    Includes: {REPO:VSCODE-MAKEFILE-TOOLS}/src/test/fakeSuite/Repros
    Force Includes: 
    Standard: gnu11
    IntelliSense Mode: gcc-x64
    Compiler Path: /usr/bin/cc
---------------------------------------------------------------------------------------------------
Sending configuration for file {REPO:VSCODE-MAKEFILE-TOOLS}/src/test/fakeSuite/Repros/path.c -----------------------------------
    Defines: BUILD_DIR=
    Includes: {REPO:VSCODE-MAKEFILE-TOOLS}/src/test/fakeSuite/Repros
    Force Includes: 
    Standard: gnu11
    IntelliSense Mode: gcc-x64
    Compiler Path: /usr/bin/cc
---------------------------------------------------------------------------------------------------
Sending configuration for file {REPO:VSCODE-MAKEFILE-TOOLS}/src/test/fakeSuite/Repros/file.c -----------------------------------
    Defines: BUILD_DIR=
    Includes: {REPO:VSCODE-MAKEFILE-TOOLS}/src/test/fakeSuite/Repros
    Force Includes: 
    Standard: gnu11
    IntelliSense Mode: gcc-x64
    Compiler Path: /usr/bin/cc
---------------------------------------------------------------------------------------------------
Sending configuration for file {REPO:VSCODE-MAKEFILE-TOOLS}/src/test/fakeSuite/Repros/set.c -----------------------------------
    Defines: BUILD_DIR=
    Includes: {REPO:VSCODE-MAKEFILE-TOOLS}/src/test/fakeSuite/Repros
    Force Includes: 
    Standard: gnu11
    IntelliSense Mode: gcc-x64
    Compiler Path: /usr/bin/cc
---------------------------------------------------------------------------------------------------
Sending configuration for file {REPO:VSCODE-MAKEFILE-TOOLS}/src/test/fakeSuite/Repros/encoding.c -----------------------------------
    Defines: BUILD_DIR=
    Includes: {REPO:VSCODE-MAKEFILE-TOOLS}/src/test/fakeSuite/Repros
    Force Includes: 
    Standard: gnu11
    IntelliSense Mode: gcc-x64
    Compiler Path: /usr/bin/cc
---------------------------------------------------------------------------------------------------
Building the current target. Command: c:/some/other/fake/path all
Parsing the provided build log "{REPO:VSCODE-MAKEFILE-TOOLS}/src/test/fakeSuite/Repros/8cc_linux_dryrun.log" for launch configurations...
Parsing dry-run output for Launch (debug/run) configuration.
Found the following launch targets defined in the makefile: {REPO:VSCODE-MAKEFILE-TOOLS}/src/test/fakeSuite/Repros>8cc()
Setting launch target "{REPO:VSCODE-MAKEFILE-TOOLS}/src/test/fakeSuite/Repros>8cc()"
Created the following debug config:
   type = cppdbg
   cwd = ${command:makefile.launchCurrentDir} (= {REPO:VSCODE-MAKEFILE-TOOLS}/src/test/fakeSuite/Repros)
   args = 
   program = ${command:makefile.launchTargetPath} (= {REPO:VSCODE-MAKEFILE-TOOLS}/src/test/fakeSuite/Repros/8cc)
   miMode = gdb
   miDebuggerPath = /usr/bin/gdb
Running command '"{REPO:VSCODE-MAKEFILE-TOOLS}/src/test/fakeSuite/Repros/8cc" ' in the terminal from location '{REPO:VSCODE-MAKEFILE-TOOLS}/src/test/fakeSuite/Repros'
